[western.instructure.com/login/canvas.html]
[du11hjcvx0uqb.cloudfront.net/dist/brandable_css/no_variables/bundles/fonts-6ee09b0b2f.css]
[instructure-uploads.s3.us-east-1.amazonaws.com/account_145020000000000001/attachments/30448/western_logo_stack_RGB_rev_fotter1.png]
[du11hjcvx0uqb.cloudfront.net/dist/brandable_css/d2dec38987a17fd406979af49817304b/variables-7dd4b80918af0e0218ec0229e4bd5873.css]
[du11hjcvx0uqb.cloudfront.net/dist/brandable_css/new_styles_normal_contrast/bundles/common-b1b03d3683.css]
[du11hjcvx0uqb.cloudfront.net/dist/brandable_css/new_styles_normal_contrast/bundles/login-a4ed1b59a8.css]
[backblue.gif]
[fade.gif]
[index.html]
[du11hjcvx0uqb.cloudfront.net/dist/brandable_css/new_styles_normal_contrast/bundles/what_gets_loaded_inside_the_tinymce_editor-a64c7fe33c.css]
[du11hjcvx0uqb.cloudfront.net/dist/brandable_css/new_styles_high_contrast/bundles/what_gets_loaded_inside_the_tinymce_editor-fa0672d544.css]
[du11hjcvx0uqb.cloudfront.net/dist/brandable_css/d2dec38987a17fd406979af49817304b/variables-7dd4b80918af0e0218ec0229e4bd5873.js]
[du11hjcvx0uqb.cloudfront.net/dist/timezone/America/Denver-8b016888d3.js]
[du11hjcvx0uqb.cloudfront.net/dist/timezone/en_US-80a0ce259b.js]
[du11hjcvx0uqb.cloudfront.net/dist/webpack-production/main-e-6394b1839a.js]
[instructure-uploads.s3.amazonaws.com/account_145020000000000001/attachments/2142/header_institution.png]
[western.instructure.com/login/canvas.html]
[du11hjcvx0uqb.cloudfront.net/dist/brandable_css/no_variables/bundles/fonts-6ee09b0b2f.css]
[instructure-uploads.s3.amazonaws.com/account_145020000000000001/attachments/602/western_logo.png]
[instructure-uploads.s3.amazonaws.com/account_145020000000000001/attachments/133442/western_logo.png]
[du11hjcvx0uqb.cloudfront.net/dist/images/windows-tile-eda8889e7b.png]
[du11hjcvx0uqb.cloudfront.net/dist/images/windows-tile-wide-44d3cc1060.png]
[instructure-uploads.s3.amazonaws.com/account_145020000000000001/attachments/738373/western_canvas_background.jpg]
[du11hjcvx0uqb.cloudfront.net/dist/brandable_css/d2dec38987a17fd406979af49817304b/variables-7dd4b80918af0e0218ec0229e4bd5873.css]
[du11hjcvx0uqb.cloudfront.net/dist/images/jqueryui/ui-icons_222222_256x240-a2c05c5e96.png]
[du11hjcvx0uqb.cloudfront.net/dist/images/jqueryui/ui-icons_ffffff_256x240-ed886cdf6e.png]
[du11hjcvx0uqb.cloudfront.net/dist/images/jqueryui/ui-icons_228ef1_256x240-69cd3c6fca.png]
[du11hjcvx0uqb.cloudfront.net/dist/images/jqueryui/icon_sprite-30c4d78a47.png]
[du11hjcvx0uqb.cloudfront.net/dist/images/jqueryui/ui-icon-sections-2a6fae7598.png]
[du11hjcvx0uqb.cloudfront.net/dist/images/jqueryui/ui-icon-cog-df5572602e.png]
[du11hjcvx0uqb.cloudfront.net/dist/images/blue/canvas-icons-16x16-dkgrey-a100946aa9.png]
[du11hjcvx0uqb.cloudfront.net/dist/images/beta-tag-e140c4d6fd.png]
[du11hjcvx0uqb.cloudfront.net/dist/images/popout-6a042f140c.png]
[du11hjcvx0uqb.cloudfront.net/dist/images/equella_icon-3624f403e9.png]
[du11hjcvx0uqb.cloudfront.net/dist/images/add-5350c033d2.png]
[du11hjcvx0uqb.cloudfront.net/dist/images/add-small-1efbe5062a.png]
[du11hjcvx0uqb.cloudfront.net/dist/images/add_feed-e85d68dfd8.png]
[du11hjcvx0uqb.cloudfront.net/dist/images/file-95ff332fb8.png]
[du11hjcvx0uqb.cloudfront.net/dist/images/announcement_icon_small-28384d6d1c.png]
[du11hjcvx0uqb.cloudfront.net/dist/images/atom-ba82f9788e.png]
[du11hjcvx0uqb.cloudfront.net/dist/images/audio_comment-eeb35d0efe.gif]
[du11hjcvx0uqb.cloudfront.net/dist/images/back-5d31875ff2.png]
[du11hjcvx0uqb.cloudfront.net/dist/images/due_date_icon-9fe551d920.png]
[du11hjcvx0uqb.cloudfront.net/dist/images/collapse-1bb8975bc7.png]
[du11hjcvx0uqb.cloudfront.net/dist/images/delete-39059ba0a6.png]
[du11hjcvx0uqb.cloudfront.net/dist/images/delete_circle-f4242c3ba6.png]
[du11hjcvx0uqb.cloudfront.net/dist/images/discussion_icon_small-d8a541e68d.png]
[du11hjcvx0uqb.cloudfront.net/dist/images/download-e6fb13a9a1.png]
[du11hjcvx0uqb.cloudfront.net/dist/images/edit-f36fae5353.png]
[du11hjcvx0uqb.cloudfront.net/dist/images/email-9a971ebcbe.png]
[du11hjcvx0uqb.cloudfront.net/dist/images/expand-04353706d7.png]
[du11hjcvx0uqb.cloudfront.net/dist/images/file_multiple-ef71b097fc.png]
[du11hjcvx0uqb.cloudfront.net/dist/images/file_big-fd6585fa5e.png]
[du11hjcvx0uqb.cloudfront.net/dist/images/folder_closed-e941eff464.png]
[du11hjcvx0uqb.cloudfront.net/dist/images/forward-84972cf32a.png]
[du11hjcvx0uqb.cloudfront.net/dist/images/find-6164443e2a.png]
[du11hjcvx0uqb.cloudfront.net/dist/images/grading_icon_gray-0920718b56.png]
[du11hjcvx0uqb.cloudfront.net/dist/images/grading_icon-16e9e323ad.png]
[du11hjcvx0uqb.cloudfront.net/dist/images/help-4e4782c4ba.png]
[du11hjcvx0uqb.cloudfront.net/dist/images/history-214ab216d9.png]
[du11hjcvx0uqb.cloudfront.net/dist/images/information-ca06d18614.png]
[du11hjcvx0uqb.cloudfront.net/dist/images/link-cf0b7a38be.png]
[du11hjcvx0uqb.cloudfront.net/dist/images/lock-f04ae1d2a3.png]
[du11hjcvx0uqb.cloudfront.net/dist/images/pass-25e17f592d.png]
[du11hjcvx0uqb.cloudfront.net/dist/images/peer_review-33b5edde63.png]
[du11hjcvx0uqb.cloudfront.net/dist/images/pending_review-32f22cdb2b.png]
[du11hjcvx0uqb.cloudfront.net/dist/images/quiz-45e613394a.png]
[du11hjcvx0uqb.cloudfront.net/dist/images/ajax-reload-a16f5adfe0.gif]
[du11hjcvx0uqb.cloudfront.net/dist/images/ajax-reload-animated-8255e06a8a.gif]
[du11hjcvx0uqb.cloudfront.net/dist/images/rename-e68ffb2213.png]
[du11hjcvx0uqb.cloudfront.net/dist/images/reply-8a2bc3988e.png]
[du11hjcvx0uqb.cloudfront.net/dist/images/rubric-bf27fe7010.png]
[du11hjcvx0uqb.cloudfront.net/dist/images/ical-5dbab75ab6.png]
[du11hjcvx0uqb.cloudfront.net/dist/images/speedgrader_icon-892375741e.png]
[du11hjcvx0uqb.cloudfront.net/dist/images/text_entry-8a7631b935.png]
[du11hjcvx0uqb.cloudfront.net/dist/images/warning-5cfa7d66ae.png]
[du11hjcvx0uqb.cloudfront.net/dist/images/word_bubble-2ac7184a98.png]
[du11hjcvx0uqb.cloudfront.net/dist/images/unlock-f650febf73.png]
[du11hjcvx0uqb.cloudfront.net/dist/images/inst_tree/file_types/page_white-8e05d64f0b.png]
[du11hjcvx0uqb.cloudfront.net/dist/images/inst_tree/file_types/page_white_acrobat-673fb84236.png]
[du11hjcvx0uqb.cloudfront.net/dist/images/inst_tree/file_types/page_white_picture-94db8424e5.png]
[du11hjcvx0uqb.cloudfront.net/dist/images/inst_tree/file_types/page_white_excel-3f420cf621.png]
[du11hjcvx0uqb.cloudfront.net/dist/images/inst_tree/file_types/page_white_word-ee5daad636.png]
[du11hjcvx0uqb.cloudfront.net/dist/images/inst_tree/file_types/page_white_powerpoint-21120c1ab1.png]
[du11hjcvx0uqb.cloudfront.net/dist/images/inst_tree/file_types/page_white_zip-c7174da97b.png]
[du11hjcvx0uqb.cloudfront.net/dist/images/inst_tree/file_types/page_white_world-2fa59e9ad2.png]
[du11hjcvx0uqb.cloudfront.net/dist/images/inst_tree/file_types/page_white_code-3222e663ce.png]
[du11hjcvx0uqb.cloudfront.net/dist/images/inst_tree/file_types/page_white_text-ea9b5de535.png]
[du11hjcvx0uqb.cloudfront.net/dist/images/inst_tree/file_types/sound_none-6af2c28cff.png]
[du11hjcvx0uqb.cloudfront.net/dist/images/inst_tree/file_types/page_white_camera-08c828542c.png]
[du11hjcvx0uqb.cloudfront.net/dist/images/inst_tree/file_types/page_white_flash-9f6a1ee9d9.png]
[du11hjcvx0uqb.cloudfront.net/dist/images/tooltip_carat-3363aaf402.png]
[du11hjcvx0uqb.cloudfront.net/dist/images/footer-logo-878a92a06f.png]
[du11hjcvx0uqb.cloudfront.net/dist/images/footer-logo@2x-d9c97a05a2.png]
[du11hjcvx0uqb.cloudfront.net/dist/images/turnitin_submission_pending-010535f0b1.png]
[du11hjcvx0uqb.cloudfront.net/dist/images/check_16-195e0c04fd.png]
[du11hjcvx0uqb.cloudfront.net/dist/images/warning_16-bdc795aad1.png]
[du11hjcvx0uqb.cloudfront.net/dist/images/wizard-bg-dbbd15d1dc.jpg]
[du11hjcvx0uqb.cloudfront.net/dist/images/other_icon-2a7be474af.png]
[du11hjcvx0uqb.cloudfront.net/dist/images/announcement_icon-d0bf3f3894.png]
[du11hjcvx0uqb.cloudfront.net/dist/images/course_content_icon-95ff332fb8.png]
[du11hjcvx0uqb.cloudfront.net/dist/images/discussion_icon-4d54295129.png]
[du11hjcvx0uqb.cloudfront.net/dist/images/invitation_icon-9a971ebcbe.png]
[du11hjcvx0uqb.cloudfront.net/dist/images/message_icon-d6170068a2.png]
[du11hjcvx0uqb.cloudfront.net/dist/images/file_download-d7ad375e63.png]
[du11hjcvx0uqb.cloudfront.net/dist/images/assignment-e807a4c93b.png]
[du11hjcvx0uqb.cloudfront.net/dist/images/ball-e9b3bf0d21.png]
[du11hjcvx0uqb.cloudfront.net/dist/images/uptick-688aded017.png]
[du11hjcvx0uqb.cloudfront.net/dist/images/downtick-187f7c308b.png]
[du11hjcvx0uqb.cloudfront.net/dist/images/ajax-loader-small-ccc-03b5adf6b7.gif]
[du11hjcvx0uqb.cloudfront.net/dist/images/group-6f0ea57c9d.png]
[du11hjcvx0uqb.cloudfront.net/dist/images/ajax-loader-medium-444-ed8f74efc3.gif]
[du11hjcvx0uqb.cloudfront.net/dist/images/blank-7bf2b2cd6a.png]
[du11hjcvx0uqb.cloudfront.net/dist/images/add_right-5625036f7a.png]
[du11hjcvx0uqb.cloudfront.net/dist/images/add_left-98f1da4be8.png]
[du11hjcvx0uqb.cloudfront.net/dist/images/4_percent_opacity-c554512ede.png]
[du11hjcvx0uqb.cloudfront.net/dist/brandable_css/new_styles_normal_contrast/bundles/common-b1b03d3683.css]
[du11hjcvx0uqb.cloudfront.net/dist/brandable_css/new_styles_normal_contrast/bundles/login-a4ed1b59a8.css]
[admissions.western.edu/www/images/western_logo_hor_RGB_pos.png]
[instructure-uploads.s3.amazonaws.com/account_145020000000000001/attachments/742704/canvas_login.css]
[du11hjcvx0uqb.cloudfront.net/dist/images/youtube_embed-cf0b14b99a.png]
[du11hjcvx0uqb.cloudfront.net/dist/images/cancel-821e5e4eb6.png]
[du11hjcvx0uqb.cloudfront.net/dist/images/media_comment_embed-55b6ba2659.png]
[du11hjcvx0uqb.cloudfront.net/dist/brandable_css/new_styles_normal_contrast/bundles/what_gets_loaded_inside_the_tinymce_editor-a64c7fe33c.css]
[du11hjcvx0uqb.cloudfront.net/dist/brandable_css/new_styles_high_contrast/bundles/what_gets_loaded_inside_the_tinymce_editor-fa0672d544.css]
